[www.mozilla.org/en-US/exp/firefox/new/index.html]
[www.mozilla.org/media/js/BUNDLES/site.133e404d326d.js]
[backblue.gif]
[fade.gif]
[index.html]
[www.mozilla.org/media/js/BUNDLES/convert.eb14ea70d301.js]
[www.mozilla.org/media/img/favicons/firefox/browser/apple-touch-icon.79c2abeb4e35.png]
[www.mozilla.org/media/img/favicons/firefox/browser/favicon-196x196.59e3822720be.png]
[www.mozilla.org/media/css/BUNDLES/common.9e8fa6cef6bb.css]
[www.mozilla.org/media/css/BUNDLES/exp-firefox-new.8dfc2cfd279a.css]
[www.mozilla.org/media/js/BUNDLES/gtm-snippet.9f9cf2026c5f.js]
[www.mozilla.org/media/img/placeholder.71a50dbba44c.png]
[www.mozilla.org/media/img/nav/cards/browsers.31d180e9831d.jpg]
[www.mozilla.org/media/protocol/img/logos/firefox/lockwise/logo-xs.a84325eb4951.png]
[www.mozilla.org/media/protocol/img/logos/firefox/monitor/logo-xs.fc207874f091.png]
[www.mozilla.org/media/protocol/img/logos/firefox/send/logo-xs.93de52772ed5.png]
[www.mozilla.org/media/img/nav/cards/products.5e9149a21cd2.jpg]
[www.mozilla.org/media/protocol/img/logos/firefox/logo-xs.87d2c8ccee4b.png]
[www.mozilla.org/media/img/nav/cards/master.880ae02e49c3.jpg]
[www.mozilla.org/media/img/nav/cards/careers.2a561a8e095b.jpg]
[www.mozilla.org/media/img/firefox/new/desktop/ie8/picture-in-picture.85b50c01d575.png]
[www.mozilla.org/media/img/firefox/new/desktop/ie8/dark-mode.1c68a7642490.png]
[www.mozilla.org/media/img/firefox/new/desktop/ie8/lock.b92c7e55bd98.png]
[www.mozilla.org/media/protocol/img/logos/firefox/browser/logo-sm.f2523d97cbe0.png]
[www.mozilla.org/media/img/logos/chrome/logo-chrome.36729db6cd71.png]
[www.mozilla.org/media/img/logos/edge/logo-edge.016a47a7fab3.png]
[www.mozilla.org/media/img/logos/safari/logo-safari.2a116a2615e2.png]
[www.mozilla.org/media/img/firefox/new/desktop/ie8/icon-check.c91a6f8e4717.png]
[www.mozilla.org/media/img/firefox/new/desktop/ie8/icon-dash.d80e28605027.png]
[www.mozilla.org/media/img/firefox/new/desktop/block.0036987b5e00.jpg]
[www.mozilla.org/media/img/firefox/new/desktop/ie8/everyone.dcedbb8ac2c1.png]
[www.mozilla.org/media/img/l10n/en-US/firefox/android/btn-google-play.77bdbc935c58.png]
[www.mozilla.org/media/img/firefox/new/desktop/devices.206125dcb75c.jpg]
[www.mozilla.org/media/img/firefox/new/desktop/ie8/search.9a8494844596.png]
[www.mozilla.org/media/img/firefox/new/desktop/ie8/highlights.e07971ba2884.png]
[www.mozilla.org/media/img/firefox/new/desktop/ie8/privacy.6600d165965f.png]
[www.mozilla.org/media/img/firefox/new/desktop/ie8/passwords.a3e9f3026396.png]
[www.mozilla.org/media/img/firefox/new/desktop/ie8/customize.c7c7ea078776.png]
[www.mozilla.org/media/img/firefox/new/desktop/screen.19f69ea7f0ea.png]
[www.mozilla.org/media/img/firefox/new/desktop/person-mozilla.5fd76ac595b3.jpg]
[www.mozilla.org/media/img/firefox/new/desktop/person-privacy.02557c8137a2.jpg]
[www.mozilla.org/media/img/firefox/new/desktop/ie8/goog.27ed69741426.png]
[www.mozilla.org/media/img/firefox/new/desktop/ie8/contain.41609482b85d.png]
[www.mozilla.org/media/img/firefox/new/desktop/ie8/sync.222890d2637e.png]
[www.mozilla.org/media/img/firefox/new/desktop/ie8/screenshots.cb7e42d6640c.png]
[www.mozilla.org/media/img/firefox/new/desktop/ie8/etp.7eb15e0dc639.png]
[www.mozilla.org/media/img/firefox/new/desktop/ie8/pinp.1117058dbfcf.png]
[www.mozilla.org/media/js/BUNDLES/common-no-jquery.44ae43d8c725.js]
[www.mozilla.org/media/js/BUNDLES/stub-attribution-convert.a6a8f856ca88.js]
[www.mozilla.org/media/js/BUNDLES/exp_firefox_desktop_download.f6c145f4755d.js]
[www.mozilla.org/media/js/BUNDLES/firefox_new_desktop_join_modal.be3cdd808f3c.js]
[mozilla.org/set_hsts.gif]
[www.mozilla.org/en-US/exp/firefox/new/index.html]
[www.mozilla.org/media/protocol/img/logos/firefox/logo-word-hor-sm.5875d8d1b185.png]
[www.mozilla.org/media/protocol/img/logos/firefox/logo-word-hor-sm-high-res.11cb1d47b984.png]
[www.mozilla.org/media/css/BUNDLES/common.9e8fa6cef6bb.css]
[www.mozilla.org/media/protocol/img/logos/firefox/browser/logo-word-hor-xs.c87882e8c93c.png]
[www.mozilla.org/media/protocol/img/logos/firefox/browser/logo-word-hor-xs-high-res.94636309e737.png]
[www.mozilla.org/media/protocol/img/logos/firefox/browser/logo-word-hor-white-sm.3b4af7c9dc52.png]
[www.mozilla.org/media/protocol/img/logos/firefox/browser/logo-word-hor-white-sm-high-res.6fa3ad2502e8.png]
[www.mozilla.org/media/img/firefox/new/desktop/hero.e44596795d0f.png]
[www.mozilla.org/media/img/firefox/new/desktop/hero-high-res.21ccf6816984.png]
[www.mozilla.org/media/img/firefox/new/desktop/android.bc237dd179ed.png]
[www.mozilla.org/media/img/firefox/new/desktop/android-high-res.d7cabdf55c49.png]
[www.mozilla.org/media/img/firefox/new/desktop/ios.35497593a406.png]
[www.mozilla.org/media/img/firefox/new/desktop/ios-high-res.00ad9cadab74.png]
[www.mozilla.org/media/css/BUNDLES/exp-firefox-new.8dfc2cfd279a.css]
